[    0.000000] Initializing cgroup subsys cpuset
[    0.000000] Initializing cgroup subsys cpu
[    0.000000] Initializing cgroup subsys cpuacct
[    0.000000] Linux version 4.4.0-109-generic (buildd@lgw01-amd64-038) (gcc version 5.4.0 20160609 (Ubuntu 5.4.0-6ubuntu1~16.04.5) ) #132-Ubuntu SMP Tue Jan 9 19:52:39 UTC 2018 (Ubuntu 4.4.0-109.132-generic 4.4.98)
[    0.000000] Command line: BOOT_IMAGE=/boot/vmlinuz-4.4.0-109-generic root=LABEL=cloudimg-rootfs ro console=tty1 console=ttyS0
[    0.000000] KERNEL supported cpus:
[    0.000000]   Intel GenuineIntel
[    0.000000]   AMD AuthenticAMD
[    0.000000]   Centaur CentaurHauls
[    0.000000] x86/fpu: xstate_offset[2]:  576, xstate_sizes[2]:  256
[    0.000000] x86/fpu: Supporting XSAVE feature 0x01: 'x87 floating point registers'
[    0.000000] x86/fpu: Supporting XSAVE feature 0x02: 'SSE registers'
[    0.000000] x86/fpu: Supporting XSAVE feature 0x04: 'AVX registers'
[    0.000000] x86/fpu: Enabled xstate features 0x7, context size is 832 bytes, using 'standard' format.
[    0.000000] x86/fpu: Using 'lazy' FPU context switches.
[    0.000000] e820: BIOS-provided physical RAM map:
[    0.000000] BIOS-e820: [mem 0x0000000000000000-0x000000000009fbff] usable
[    0.000000] BIOS-e820: [mem 0x000000000009fc00-0x000000000009ffff] reserved
[    0.000000] BIOS-e820: [mem 0x00000000000f0000-0x00000000000fffff] reserved
[    0.000000] BIOS-e820: [mem 0x0000000000100000-0x000000003ffeffff] usable
[    0.000000] BIOS-e820: [mem 0x000000003fff0000-0x000000003fffffff] ACPI data
[    0.000000] BIOS-e820: [mem 0x00000000fffc0000-0x00000000ffffffff] reserved
[    0.000000] NX (Execute Disable) protection: active
[    0.000000] SMBIOS 2.5 present.
[    0.000000] Hypervisor detected: KVM
[    0.000000] e820: last_pfn = 0x3fff0 max_arch_pfn = 0x400000000
[    0.000000] MTRR: Disabled
[    0.000000] x86/PAT: MTRRs disabled, skipping PAT initialization too.
[    0.000000] CPU MTRRs all blank - virtualized system.
[    0.000000] x86/PAT: Configuration [0-7]: WB  WT  UC- UC  WB  WT  UC- UC  
[    0.000000] found SMP MP-table at [mem 0x0009fff0-0x0009ffff] mapped at [ffff88000009fff0]
[    0.000000] Scanning 1 areas for low memory corruption
[    0.000000] RAMDISK: [mem 0x36adc000-0x37565fff]
[    0.000000] ACPI: Early table checksum verification disabled
[    0.000000] ACPI: RSDP 0x00000000000E0000 000024 (v02 VBOX  )
[    0.000000] ACPI: XSDT 0x000000003FFF0030 0003C(v01 VBOX   VBOXXSDT 00000001 ASL  00000061)
[    0.000000] ACPI: FACP 0x000000003FFF00F0 0000F4 (v04 VBOX   VBOXFACP 00000001 ASL  00000061)
[    0.000000] ACPI: DSDT 0x000000003FFF0470 002118 (v01 VBOX   VBOXBIOS 00000002 INTL 20160108)
[    0.000000] ACPI: FACS 0x000000003FFF0200 000040
[    0.000000] ACPI: FACS 0x000000003FFF0200 000040
[    0.000000] ACPI: APIC 0x000000003FFF0240 00005C (v02 VBOX   VBOXAPIC 00000001 ASL  00000061)
[    0.000000] ACPI: SSDT 0x000000003FFF02A0 0001CC (v01 VBOX   VBOXCPUT 00000002 INTL 20160108)
[    0.000000] No NUMA configuration found
[    0.000000] Faking a node at [mem 0x0000000000000000-0x000000003ffeffff]
[    0.000000] NODE_DATA(0) allocated [mem 0x3ffeb000-0x3ffeffff]
[    0.000000] kvm-clock: Using msrs 4b564d01 and 4b564d00
[    0.000000] kvm-clock: cpu 0, msr 0:3ffe3001, primary cpu clock
[    0.000000] kvm-clock: using sched offset of 3622197569 cycles
[    0.000000] clocksource: kvm-clock: mask: 0xffffffffffffffff max_cycles: 0x1cd42e4dffb, max_idle_ns: 881590591483 ns
[    0.000000] Zone ranges:
[    0.000000]   DMA      [mem 0x0000000000001000-0x0000000000ffffff]
[    0.000000]   DMA32    [mem 0x0000000001000000-0x000000003ffeffff]
[    0.000000]   Normal   empty
[    0.000000]   Device   empty
[    0.000000] Movable zone start for each node
[    0.000000] Early memory node ranges
[    0.000000]   node   0: [mem 0x0000000000001000-0x000000000009efff]
[    0.000000]   node   0: [mem 0x0000000000100000-0x000000003ffeffff]
[    0.000000] Initmem setup node 0 [mem 0x0000000000001000-0x000000003ffeffff]
[    0.000000] ACPI: PM-Timer IO Port: 0x4008
[    0.000000] IOAPIC[0]: apic_id 2, version 17, address 0xfec00000, GSI 0-23
[    0.000000] ACPI: INT_SRC_OVR (bus 0 bus_irq 0 global_irq 2 dfl dfl)
[    0.000000] ACPI: INT_SRC_OVR (bus 0 bus_irq 9 global_irq 9 high level)
[    0.000000] Using ACPI (MADT) for SMP configuration information
[    0.000000] smpboot: Allowing 2 CPUs, 0 hotplug CPUs
[    0.000000] PM: Registered nosave memory: [mem 0x00000000-0x00000fff]
[    0.000000] PM: Registered nosave memory: [mem 0x0009f000-0x0009ffff]
[    0.000000] PM: Registered nosave memory: [mem 0x000a0000-0x000effff]
[    0.000000] PM: Registered nosave memory: [mem 0x000f0000-0x000fffff]
[    0.000000] e820: [mem 0x40000000-0xfffbffff] available for PCI devices
[    0.000000] Booting paravirtualized kernel on KVM
[    0.000000] clocksource: refined-jiffies: mask: 0xffffffff max_cycles: 0xffffffff, max_idle_ns: 7645519600211568 ns
[    0.000000] setup_percpu: NR_CPUS:512 nr_cpumask_bits:512 nr_cpu_ids:2 nr_node_ids:1
[    0.000000] PERCPU: Embedded 34 pages/cpu @ffff88003fc00000 s99544 r8192 d31528 u1048576
[    0.000000] PV qspinlock hash table entries: 256 (order: 0, 4096 bytes)
[    0.000000] Built 1 zonelists in Node order, mobility grouping on.  Total pages: 257913
[    0.000000] Policy zone: DMA32
[    0.000000] Kernel command line: BOOT_IMAGE=/boot/vmlinuz-4.4.0-109-generic root=LABEL=cloudimg-rootfs ro console=tty1 console=ttyS0
[    0.000000] PID hash table entries: 4096 (order: 3, 32768 bytes)
[    0.000000] Memory: 1001740K/1048120K available (8485K kernel code, 1308K rwdata, 3988K rodata, 1508K init, 1316K bss, 46380K reserved, 0K cma-reserved)
[    0.000000] SLUB: HWalign=64, Order=0-3, MinObjects=0, CPUs=2, Nodes=1
[    0.000000] Kernel/User page tables isolation: enabled
[    0.000000] Hierarchical RCU implementation.
[    0.000000] 	Build-time adjustment of leaf fanout to 64.
[    0.000000] 	RCU restricting CPUs from NR_CPUS=512 to nr_cpu_ids=2.
[    0.000000] RCU: Adjusting geometry for rcu_fanout_leaf=64, nr_cpu_ids=2
[    0.000000] NR_IRQS:33024 nr_irqs:440 16
[    0.000000] Console: colour VGA+ 80x25
[    0.000000] console [tty1] enabled
[    0.000000] console [ttyS0] enabled
[    0.000000] tsc: Detected 2294.786 MHz processor
[    2.247872] Calibrating delay loop (skipped) preset value.. 4589.57 BogoMIPS (lpj=9179144)
[    2.250586] pid_max: default: 32768 minimum: 301
[    2.252125] ACPI: Core revision 20150930
[   2.254796] ACPI: 2 ACPI AML tables successfully acquired and loaded
[    2.294699] Security Framework initialized
[    2.296045] Yama: becoming mindful.
[    2.297287] AppArmor: AppArmor initialized
[    2.298768] Dentry cache hash table entries: 131072 (order: 8, 1048576 bytes)
[    2.301710] Inode-cache hash table entries: 65536 (order: 7, 524288 bytes)
[    2.314934] Mount-cache hash table entries: 2048 (order: 2, 16384 bytes)
[    2.321100] Mountpoint-cache hash table entries: 2048 (order: 2, 16384 bytes)
[    2.323415] Initializing cgroup subsys io
[    2.327422] Initializing cgroup subsys memory
[    2.328859] Initializing cgroup subsys devices
[    2.330312] Initializing cgroup subsys freezer
[    2.331736] Initializing cgroup subsys net_cls
[    2.340068] Initializing cgroup subsys perf_event
[    2.341571] Initializing cgroup subsys net_prio
[    2.343071] Initializing cgroup subsys hugetlb
[    2.344506] Initializing cgroup subsys pids
[    2.347589] CPU: Physical Processor ID: 0
[    2.348936] CPU: Processor Core ID: 0
[    2.350207] mce: CPU supports 0 MCE banks
[    2.351552] Last level iTLB entries: 4KB 512, 2MB 8, 4MB 8
[    2.353247] Last level dTLB entries: 4KB 512, 2MB 32, 4MB 32, 1GB 0
[    2.357936] Freeing SMP alternatives memory: 32K
[    2.371912] ftrace: allocating 32171 entries in 126 pages
[    2.441523] smpboot: APIC(0) Converting physical 0 to logical package 0
[    2.448866] smpboot: Max logical packages: 1
[    2.465806] ..TIMER: vector=0x30 apic1=0 pin1=2 apic2=-1 pin2=-1
[    2.582329] smpboot: CPU0: Intel(R) Core(TM) i3-2350M CPU @ 2.30GHz (family: 0x6, model: 0x2a, stepping: 0x7)
[    2.594870] Performance Events: unsupported p6 CPU model 42 no PMU driver, software events only.
[    2.597828] KVM setup paravirtual spinlock
[    2.608600] x86: Booting SMP configuration:
[    2.614179] .... node  #0, CPUs:      #1
[    2.615719] kvm-clock: cpu 1, msr 0:3ffe3041, secondary cpu clock
[    2.617448] mce: CPU supports 0 MCE banks
[    2.620453] x86: Booted up 1 node, 2 CPUs
[    2.625289] smpboot: Total of 2 processors activated (9179.14 BogoMIPS)
[    2.627976] devtmpfs: initialized
[    2.639016] evm: security.selinux
[    2.655494] evm: security.SMACK64
[    2.661978] evm: security.SMACK64EXEC
[    2.671045] evm: security.SMACK64TRANSMUTE
[    2.672418] evm: security.SMACK64MMAP
[    2.673644] evm: security.ima
[    2.686564] evm: security.capability
[    2.688184] clocksource: jiffies: mask: 0xffffffff max_cycles: 0xffffffff, max_idle_ns: 7645041785100000 ns
[    2.692307] futex hash table entries: 512 (order: 3, 32768 bytes)
[    2.694423] pinctrl core: initialized pinctrl subsystem
[    2.701542] RTC time: 17:51:55, date: 02/27/18
[    2.716515] NET: Registered protocol family 16
[    2.750561] cpuidle: using governor ladder
[    2.781976] cpuidle: using governor menu
[    2.788932] PCCT header not found.
[    2.790550] ACPI: bus type PCI registered
[    2.792115] acpiphp: ACPI Hot Plug PCI Controller Driver version: 0.5
[    2.794651] PCI: Using configuration type 1 for base access
[    2.811531] ACPI: Added _OSI(Module Device)
[    2.839156] ACPI: Added _OSI(Processor Device)
[    2.840895] ACPI: Added _OSI(3.0 _SCP Extensions)
[    2.842709] ACPI: Added _OSI(Processor Aggregator Device)
[    2.846018] ACPI: Executed 1 blocks of module-level executable AML code
[    2.852252] ACPI: Interpreter enabled
[    2.854899] ACPI: (supports S0 S5)
[    2.856394] ACPI: Using IOAPIC for interrupt routing
[    2.858693] PCI: Using host bridge windows from ACPI; if necessary, use "pci=nocrs" and report a bug
[    2.872722] ACPI: PCI Root Bridge [PCI0] (domain 0000 [bus 00-ff])
[    2.878805] acpi PNP0A03:00: _OSC: OS supports [ASPM ClockPM Segments MSI]
[    2.881265] acpi PNP0A03:00: _OSC failed (AE_NOT_FOUND); disabling ASPM
[    2.883737] acpi PNP0A03:00: fail to add MMCONFIG information, can't access extended PCI configuration space under this bridge.
[    2.888483] PCI host bridge to bus 0000:00
[    2.890174] pci_bus 0000:00: root bus resource [io  0x0000-0x0cf7 window]
[    2.892563] pci_bus 0000:00: root bus resource [io  0x0d00-0xffff window]
[    2.894980] pci_bus 0000:00: root bus resource [mem 0x000a0000-0x000bffff window]
[    2.898000] pci_bus 0000:00: root bus resource [mem 0x40000000-0xffdfffff window]
[    2.901109] pci_bus 0000:00: root bus resource [bus 00-ff]
[    2.906309] pci 0000:00:01.1: legacy IDE quirk: reg 0x10: [io  0x01f0-0x01f7]
[    2.919038] pci 0000:00:01.1: legacy IDE quirk: reg 0x14: [io  0x03f6]
[    2.921321] pci 0000:00:01.1: legacy IDE quirk: reg 0x18: [io  0x0170-0x0177]
[    2.932698] pci 0000:00:01.1: legacy IDE quirk: reg 0x1c: [io  0x0376]
[    2.984024] ACPI: PCI Interrupt Link [LNKA] (IRQs 5 9 10 11) *0, disabled.
[    2.994755] ACPI: PCI Interrupt Link [LNKB] (IRQs 5 9 10 *11)
[    2.997860] ACPI: PCI Interrupt Link [LNKC] (IRQs 5 9 *10 11)
[    3.001002] ACPI: PCI Interrupt Link [LNKD] (IRQs 5 *9 10 11)
[    3.004250] ACPI: Enabled 2 GPEs in block 00 to 07
[    3.006924] vgaarb: setting as boot device: PCI:0000:00:02.0
[    3.008737] vgaarb: device added: PCI:0000:00:02.0,decodes=io+mem,owns=io+mem,locks=none
[    3.038437] vgaarb: loaded
[    3.046109] vgaarb: bridge control possible 0000:00:02.0
[    3.048191] SCSI subsystem initialized
[    3.069718] ACPI: bus type USB registered
[    3.077901] usbcore: registered new interface driver usbfs
[    3.079599] usbcore: registered new interface driver hub
[    3.081323] usbcore: registered new device driver usb
[    3.084204] PCI: Using ACPI for IRQ routing
[    3.106325] NetLabel: Initializing
[    3.111750] NetLabel:  domain hash size = 128
[    3.129553] NetLabel:  protocols = UNLABELED CIPSOv4
[    3.140155] NetLabel:  unlabeled traffic allowed by default
[    3.172517] amd_nb: Cannot enumerate AMD northbridges
[    3.179103] clocksource: Switched to clocksource kvm-clock
[    3.204487] AppArmor: AppArmor Filesystem Enabled
[    3.25567 pp:PnP ACPI init
[   .3030]pn: nP ACPI: found 3 devices

[   .5940]clcksource: acpi_pm: mask: 0xffffff max_cycles: 0xffffff, max_idle_ns: 2085701024 ns
[   .7382]NE: egstre potco fmiy 2
[    4.369975] TCP established hash table entries: 8192 (order: 4, 65536 bytes)
[    4.400126] TCP bind hash table entries: 8192 (order: 5, 131072 bytes)
[    4.402013] TCP: Hash tables configured (established 8192 bind 8192)
[    4.403910] UDP hshtaleenris:51 (rdr:2,1684byes
  4.4608 UP-it hshtaleenris:51 (rder: 2, 16384 bytes)
[    5.369016] NET: Registered protocol family 1
[    5.404186] pci 0000:00:00.0: Limiting direct PCI/PCI transfers
[    5.406438] pci 0000:00:01.0: Activating ISA DMA hang workarounds
[   4003 Uacngniam..

[    8.169848] Freeing initrd memory: 10792K
[    8.195536] RAPL PMU detected, API unit is 2^-32 Joules, 3 fixed counters 10737418240 ms ovfl timer
[    8.222944] hw unit of domain pp0-core 2^-0 Joules
[    8.303600] hw unit of domain package 2^-0 Joules
[    8.323867] hw unit of domain pp1-gpu 2^-0 Joules
[    8.334513] platform rtc_cmos: registered platform RTC device (no PNP device found)
[    8.424152] Scanning for low memory corruption every 60 seconds
[    8.484475] audit: initializing netlink subsys (disabled)
[    8.494354] audit: type=2000 audit(1519753923.388:1): initialized
[    8.498212] Initialise system trusted keyring
[    8.511750] HugeTLB registered 2 MB page size, pre-allocated 0 pages
[    8.522456] zbud: loaded
[    8.530222] VFS: Disk quotas dquot_6.6.0
[    8.780393] VFS: Dquot-cache hash table entries: 512 (order 0, 4096 bytes)
[    9.173912] squashfs: version 4.0 (2009/01/31) Phillip Lougher
[    9.463674] tsc: Refined TSC clocksource calibration: 2294.619 MHz
[    9.803620] clocksource: tsc: mask: 0xffffffffffffffff max_cycles: 0x211359c38a2, max_idle_ns: 440795236300 ns
[   10.274113] fuse init (API version 7.23)
[  1.27010] Key type big_key registered
[  1.3369]Aloctig MAMO ad laklstkerings.
[   10.896288] Key type asymmetric registered
[   10.909448] Asymmetric key parser 'x509' registered
[   10.911025] Block layer SCSI generic (bsg) driver version 0.4 loaded (major 249)
[   10.916727] io scheduler noop registered
[   10.919114] io scheduler deadline registered (default)
[   10.920850] io scheduler cfq registered
[   10.932489] pci_hotplug: PCI Hot Plug PCI Core version: 0.5
[   10.951824] pciehp: PCI Express Hot Plug Controller Driver version: 0.4
[ 11.004562] ACP A Aaper[A] (on-line)
[   11.277299] input: Power Button as /devices/LNXSYSTM:00/LNXPWRBN:00/input/input0
[   11.320347] ACPI: Power Button [PWRF]
[   11.325243] input: Sleep Button as /devices/LNXSYSTM:00/LNXSLPBN:00/input/input1
[   11.327650] ACPI: Sleep Button [SLPF]
[   11.333234] GHES: HEST is not enabled!
[   11.354358] Serial: 8250/16550 driver, 32 ports, IRQ sharing enabled
[  1.3233]00:02: ttyS0 at I/O 0x3f8 (irq = 4, base_baud = 115200) is a 16550A
[   11.572169] Linux agpgart interface v0.103
[   11.587123] loop: module loaded
[   11.665288] scsi host0: ata_piix
[   11.670863] scsi host1: ata_piix
[   11.672552] ata1: PATA max UDMA/33 cmd 0x1f0 ctl 0x3f6 bmdma 0xd000 irq 14
[   11.675097] ata2: PATA max UDMA/33 cmd 0x170 ctl 0x376 bmdma 0xd008 irq 15
[   11.677932] libphy: Fixed MDIO Bus: probed
[   11.682147] tun: Universal TUN/TAP device driver, 1.6
[   11.684195] tun: (C) 1999-2004 Max Krasnyansky <maxk@qualcomm.com>
[   11.686642] PPP generic driver version 2.4.2
[   11.688552] ehci_hcd: USB 2.0 'Enhanced' Host Controller (EHCI) Driver
[   11.690976] ehci-pci: EHCI PCI platform driver
[   11.692997] ehci-platform: EHCI generic platform driver
[   11.695057] ohci_hcd: USB 1.1 'Open' Host Controller (OHCI) Driver
[   11.748597] ohci-pci: OHCI PCI platform driver
[   12.043545] ohci-platform: OHCI generic platform driver
[   12.233570] uhci_hcd: USB Universal Host Controller Interface driver
[   12.257460] i8042: PNP: PS/2 Controller [PNP0303:PS2K,PNP0f03:PS2M] at 0x60,0x64 irq 1,12
[   12.260740] serio: i8042 KBD port at 0x60,0x64 irq 1
[   12.264430] serio: i8042 AUX port at 0x60,0x64 irq 12
[   12.271556] mousedev: PS/2 mouse device common for all mice
[   12.278887] rtc_cmos rtc_cmos: rtc core: registered rtc_cmos as rtc0
[   12.281068] rtc_cmos rtc_cmos: alarms up to one day, 114 bytes nvram
[   12.284756] i2c /dev entries driver
[   12.290726] device-mapper: uevent: version 1.0.3
[   12.304274] input: AT Translated Set 2 keyboard as /devices/platform/i8042/serio0/input/input2
[   12.312667] device-mapper: ioctl: 4.34.0-ioctl (2015-10-28) initialised: dm-devel@redhat.com
[   12.321008] ledtrig-cpu: registered to indicate activity on CPUs
[   12.325634] NET: Registered protocol family 10
[   12.330320] NET: Registered protocol family 17
[   12.424529] Key type dns_resolver registered
[   12.426650] microcode: CPU0 sig=0x206a7, pf=0x10, revision=0x0
[   12.428507] microcode: CPU1 sig=0x206a7, pf=0x10, revision=0x0
[   12.445170] microcode: Microcode Update Driver: v2.01 <tigran@aivazian.fsnet.co.uk>, Peter Oruba
[   12.448935] registered taskstats version 1
[   12.450822] Loading compiled-in X.509 certificates
[   12.454162] Loaded X.509 cert 'Build time autogenerated kernel key: 96e61bd247bb6c4e82ca419795a98fcb171b0e99'
[   12.459895] zswap: loaded using pool lzo/zbud
[   12.568032] Key type trusted registered
[   12.576051] Key type encrypted registered
[   12.594670] AppArmor: AppArmor sha1 policy hashing enabled
[   12.596865] ima: No TPM chip found, activating TPM-bypass!
[   12.598999] evm: HMAC attrs: 0x1
[   12.601192]   Magic number: 6:148:897
[   12.602956] rtc_cmos rtc_cmos: setting system clock to 2018-02-27 17:52:05 UTC (1519753925)
[   12.606704] BIOS EDD facility v0.16 2004-Jun-25, 0 devices found
[   12.609063] EDD information not available.
[   12.613255] Freeing unused kernel memory: 1508K
[   12.853439] Write protecting the kernel read-only data: 14336k
[   13.184391] Freeing unused kernel memory: 1744K
[   13.305470] Freeing unused kernel memory: 108K
Loading, please wait...
starting version[   13.353053] random: systemd-udevd: uninitialized urandom read (16 bytes read, 3 bits of entropy available)
 229
[   13.354930] random: udevadm: uninitialized urandom read (16 bytes read, 3 bits of entropy available)
[   13.354975] random: udevadm: uninitialized urandom read (16 bytes read, 3 bits of entropy available)
[   13.379518] random: udevadm: uninitialized urandom read (16 bytes read, 3 bits of entropy available)
[   13.379595] random: udevadm: uninitialized urandom read (16 bytes read, 3 bits of entropy available)
[   13.379879] random: udevadm: uninitialized urandom read (16 bytes read, 3 bits of entropy available)
[   13.379989] random: udevadm: uninitialized urandom read (16 bytes read, 3 bits of entropy available)
[   13.380100] random: udevadm: uninitialized urandom read (16 bytes read, 3 bits of entropy available)
[   13.380209] random: udevadm: uninitialized urandom read (16 bytes read, 3 bits of entropy available)
[   13.380355] random: udevadm: uninitialized urandom read (16 bytes read, 3 bits of entropy available)
[   15.346740] Fusion MPT base driver 3.04.20
[   15.444732] Copyright (c) 1999-2008 LSI Corporation
[   15.573611] e1000: Intel(R) PRO/1000 Network Driver - version 7.3.21-k8-NAPI
[   15.615390] e1000: Copyright (c) 1999-2006 Intel Corporation.
[   15.640672] Fusion MPT SPI Host driver 3.04.20
[   15.832337] input: ImExPS/2 Generic Explorer Mouse as /devices/platform/i8042/serio1/input/input4
[   16.053159] e1000 0000:00:03.0 eth0: (PCI:33MHz:32-bit) 02:38:07:4c:82:85
[   16.074880] e1000 0000:00:03.0 eth0: Intel(R) PRO/1000 Network Connection
[   16.078010] mptbase: ioc0: Initiating bringup
[   16.143734] ioc0: LSI53C1030 A0: Capabilities={Initiator}
[   16.324238] scsi host2: ioc0: LSI53C1030 A0, FwRev=00000000h, Ports=1, MaxQ=256, IRQ=20
[   16.448491] scsi 2:0:0:0: Direct-Access     VBOX     HARDDISK         1.0  PQ: 0 ANSI: 5
[   16.468082] scsi target2:0:0: Beginning Domain Validation
[   16.472825] scsi target2:0:0: Domain Validation skipping write tests
[   16.478740] scsi target2:0:0: Ending Domain Validation
[   16.481174] scsi target2:0:0: asynchronous
[   16.487372] scsi 2:0:1:0: Direct-Access     VBOX     HARDDISK         1.0  PQ: 0 ANSI: 5
[   16.497432] scsi target2:0:1: Beginning Domain Validation
[   16.503267] scsi target2:0:1: Domain Validation skipping write tests
[   16.557180] scsi target2:0:1: Ending Domain Validation
[   16.582998] scsi target2:0:1: asynchronous
[   16.596658] sd 2:0:0:0: Attached scsi generic sg0 type 0
[   16.623132] sd 2:0:0:0: [sda] 20971520 512-byte logical blocks: (10.7 GB/10.0 GiB)
[   16.623587] sd 2:0:1:0: Attached scsi generic sg1 type 0
[   16.629249] sd 2:0:1:0: [sdb] 20480 512-byte logical blocks: (10.5 MB/10.0 MiB)
[   16.634912] sd 2:0:1:0: [sdb] Write Protect is off
[   16.635317] sd 2:0:1:0: [sdb] Incomplete mode parameter data
[   16.635319] sd 2:0:1:0: [sdb] Assuming drive cache: write through
[   16.727530] sd 2:0:1:0: [sdb] Attached SCSI disk
[   16.747514] sd 2:0:0:0: [sda] Write Protect is off
[   16.782180] sd 2:0:0:0: [sda] Incomplete mode parameter data
[   16.874526] sd 2:0:0:0: [sda] Assuming drive cache: write through
[   16.891385]  sda: sda1
[   16.896763] e1000 0000:00:08.0 eth1: (PCI:33MHz:32-bit) 08:00:27:b6:92:53
[   16.896766] e1000 0000:00:08.0 eth1: Intel(R) PRO/1000 Network Connection
[   16.916723] e1000 0000:00:08.0 enp0s8: renamed from eth1
[   16.926285] sd 2:0:0:0: [sda] Attached SCSI disk
[   16.936292] e1000 0000:00:03.0 enp0s3: renamed from eth0
[   18.847617] floppy0: no floppy controllers found
Begin: Loading essential drivers ... [   20.477158] md: linear personality registered for level -1
[   20.488964] md: multipath personality registered for level -4
[   20.500932] md: raid0 personality registered for level 0
[   20.513265] md: raid1 personality registered for level 1
[   20.595147] raid6: sse2x1   gen()  6027 MB/s
[   20.671142] raid6: sse2x1   xor()  4684 MB/s
[   20.752888] raid6: sse2x2   gen()  7734 MB/s
[   20.827140] raid6: sse2x2   xor()  5433 MB/s
[   20.899143] raid6: sse2x4   gen()  8619 MB/s
[   20.995150] raid6: sse2x4   xor()  6379 MB/s
[   21.005279] raid6: using algorithm sse2x4 gen() 8619 MB/s
[   21.006909] raid6: .... xor() 6379 MB/s, rmw enabled
[   21.008522] raid6: using ssse3x2 recovery algorithm
[   21.012594] xor: automatically using best checksumming function:
[   21.159578]    avx       : 31365.000 MB/sec
[   21.286045] async_tx: api initialized (async)
[   21.329717] md: raid6 personality registered for level 6
[   21.338447] md: raid5 personality registered for level 5
[   21.340585] md: raid4 personality registered for level 4
[   21.371042] md: raid10 personality registered for level 10
done.
Begin: Running /scripts/init-premount ... done[   21.482365] Btrfs loaded
.
Begin: Mounting root file system ... Begin: Running /scripts/local-top ... done.
Begin: Running /scripts/local-premount ... Scanning for Btrfs filesystems
done.
Warning: fsck not present, so skipping root file system
[   21.574255] EXT4-fs (sda1): mounted filesystem with ordered data mode. Opts: (null)
done.
Begin: Running /scripts/local-bottom ... done.
Begin: Running /scripts/init-bottom ... done.
[   22.782117] random: nonblocking pool is initialized
[   23.109915] systemd[1]: systemd 229 running in system mode. (+PAM +AUDIT +SELINUX +IMA +APPARMOR +SMACK +SYSVINIT +UTMP +LIBCRYPTSETUP +GCRYPT +GNUTLS +ACL +XZ -LZ4 +SECCOMP +BLKID +ELFUTILS +KMOD -IDN)
[   23.230830] systemd[1]: Detected virtualization oracle.
[   23.245281] systemd[1]: Detected architecture x86-64.

Welcome to [1mUbuntu 16.04.3 LTS[0m!

[   23.286037] systemd[1]: Set hostname to <ubuntu>.
[   23.329273] systemd[1]: Initializing machine ID from random generator.
[   23.453857] systemd[1]: Installed transient /etc/machine-id file.
[   24.788776] systemd[1]: Reached target Encrypted Volumes.
[[0;32m  OK  [0m] Reached target Encrypted Volumes.
[   24.835470] systemd[1]: Started Trigger resolvconf update for networkd DNS.
[[0;32m  OK  [0m] Started Trigger resolvconf update for networkd DNS.
[   25.039436] systemd[1]: Listening on /dev/initctl Compatibility Named Pipe.
[[0;32m  OK  [0m] Listening on /dev/initctl Compatibility Named Pipe.
[   25.061739] systemd[1]: Listening on Journal Socket.
[[0;32m  OK  [0m] Listening on Journal Socket.
[   25.071056] systemd[1]: Listening on udev Control Socket.
[[0;32m  OK  [0m] Listening on udev Control Socket.
[   25.083907] systemd[1]: Created slice System Slice.
[[0;32m  OK  [0m] Created slice System Slice.
[   25.107499] systemd[1]: Starting Set console keymap...
         Starting Set console keymap...
[   25.152675] systemd[1]: Starting Create list of required static device nodes for the current kernel...
         Starting Create list of required st... nodes for the current kernel...
[   25.268541] systemd[1]: Starting Load Kernel Modules...
         Starting Load Kernel Modules...
[   25.323160] Loading iSCSI transport class v2.0-870.
[   25.364584] systemd[1]: Starting Nameserver information manager...
         Starting Nameserver information manager...
[   25.396695] systemd[1]: Starting Uncomplicated firewall...
         Starting Uncomplicated firewall...
[   25.417751] systemd[1]: Created slice system-serial\x2dgetty.slice.
[[0;32m  OK  [0m] Created slice system-serial\x2dgetty.slice.[   25.553308] iscsi: registered transport (tcp)

[   25.591368] systemd[1]: Mounting Debug File System...
         Mounting Debug File System...
[   25.655443] systemd[1]: Mounting POSIX Message Queue File System...
[   25.665362] iscsi: registered transport (iser)
         Mounting POSIX Message Queue File System...
[   25.766306] systemd[1]: Listening on LVM2 metadata daemon socket.
[[0;32m  OK  [0m] Listening on LVM2 metadata daemon socket.
[   25.770079] systemd[1]: Listening on udev Kernel Socket.
[[0;32m  OK  [0m] Listening on udev Kernel Socket.
[   25.773645] systemd[1]: Set up automount Arbitrary Executable File Formats File System Automount Point.
[[0;32m  OK  [0m] Set up automount Arbitrary Executab...ats File System Automount Point.
[   25.780882] systemd[1]: Starting Remount Root and Kernel File Systems...
         Starting Remount Root and Kernel File Systems...
[   25.797756] systemd[1]: Reached target User and Group Name Lookups.
[   25.798207] EXT4-fs (sda1): re-mounted. Opts: (null)
[[0;32m  OK  [0m] Reached target User and Group Name Lookups.
[   26.023751] systemd[1]: Listening on Journal Audit Socket.
[[0;32m  OK  [0m] Listening on Journal Audit Socket.
[   26.043900] systemd[1]: Created slice User and Session Slice.
[[0;32m  OK  [0m] Created slice User and Session Slice.
[   26.119375] systemd[1]: Reached target Slices.
[[0;32m  OK  [0m] Reached target Slices.
[   26.139476] systemd[1]: Listening on Journal Socket (/dev/log).
[[0;32m  OK  [0m] Listening on Journal Socket (/dev/log).
[   26.159481] systemd[1]: Listening on Device-mapper event daemon FIFOs.
[[0;32m  OK  [0m] Listening on Device-mapper event daemon FIFOs.
[   26.231735] systemd[1]: Starting Monitoring of LVM2 mirrors, snapshots etc. using dmeventd or progress polling...
         Starting Monitoring of LVM2 mirrors... dmeventd or progress polling...
[   26.249360] systemd[1]: Listening on Syslog Socket.
[[0;32m  OK  [0m] Listening on Syslog Socket.
[   26.256914] systemd[1]: Starting Journal Service...
         Starting Journal Service...
[   26.303460] systemd[1]: Listening on LVM2 poll daemon socket.
[[0;32m  OK  [0m] Listening on LVM2 poll daemon socket.
[   26.309497] systemd[1]: Reached target Swap.
[[0;32m  OK  [0m] Reached target Swap.
[   26.318356] systemd[1]: Started Forward Password Requests to Wall Directory Watch.
[[0;32m  OK  [0m] Started Forward Password Requests to Wall Directory Watch.
[   26.359314] systemd[1]: Mounting Huge Pages File System...
         Mounting Huge Pages File System...
[   26.562522] systemd[1]: Mounted POSIX Message Queue File System.
[[0;32m  OK  [0m] Mounted POSIX Message Queue File System.
[   26.589367] systemd[1]: Mounted Huge Pages File System.
[[0;32m  OK  [0m] Mounted Huge Pages File System.
[   26.593859] systemd[1]: Mounted Debug File System.
[[0;32m  OK  [0m] Mounted Debug File System.
[   26.598176] systemd[1]: Started Journal Service.
[[0;32m  OK  [0m] Started Journal Service.
[[0;32m  OK  [0m] Started Set console keymap.
[[0;32m  OK  [0m] Started Create list of required sta...ce nodes for the current kernel.
[[0;32m  OK  [0m] Started Load Kernel Modules.
[[0;32m  OK  [0m] Started Uncomplicated firewall.
[[0;32m  OK  [0m] Started Remount Root and Kernel File Systems.
[[0;32m  OK  [0m] Started Nameserver information manager.
[[0;32m  OK  [0m] Started LVM2 metadata daemon.
         Starting Load/Save Random Seed...
         Starting udev Coldplug all Devices...
         Starting Initial cloud-init job (pre-networking)...
         Mounting FUSE Control File System...
         Starting Apply Kernel Variables...
         Starting Create Static Device Nodes in /dev...
         Starting Flush Journal to Persistent Storage...
[[0;32m  OK  [0m] Mounted FUSE Control File System.
[[0;32m  OK  [0m] Started Load/Save Random Seed.
[[0;32m  OK  [0m] Started udev Coldplug all Devices.
[   27.154627] systemd-journald[395]: Received request to flush runtime journal from PID 1
[[0;32m  OK  [0m] Started Flush Journal to Persistent Storage.
[[0;32m  OK  [0m] Started Apply Kernel Variables.
[[0;32m  OK  [0m] Started Monitoring of LVM2 mirrors,...ng dmeventd or progress polling.
[[0;32m  OK  [0m] Started Create Static Device Nodes in /dev.
         Starting udev Kernel Device Manager...
[[0;32m  OK  [0m] Started udev Kernel Device Manager.
[[0;32m  OK  [0m] Started Dispatch Password Requests to Console Directory Watch.
[[0;32m  OK  [0m] Reached target Local File Systems (Pre).
[[0;32m  OK  [0m] Reached target Local File Systems.
         Starting Commit a transient machine-id on disk...
         Starting LSB: AppArmor initialization...
         Starting Set console font and keymap...
         Starting Tell Plymouth To Write Out Runtime Data...
         Starting Create Volatile Files and Directories...
[[0;32m  OK  [0m] Started Commit a transient machine-id on disk.
[[0;32m  OK  [0m] Found device /dev/ttyS0.
[[0;32m  OK  [0m] Started Tell Plymouth To Write Out Runtime Data.
[[0;32m  OK  [0m] Started Create Volatile Files and Directories.
         Starting Update UTMP about System Boot/Shutdown...
[[0;32m  OK  [0m] Reached target System Time Synchronized.
[[0;32m  OK  [0m] Started Update UTMP about System Boot/Shutdown.
[[0;32m  OK  [0m] Started Set console font and keymap.
[[0;32m  OK  [0m] Created slice system-getty.slice.
[[0;32m  OK  [0m] Listening on Load/Save RF Kill Switch Status /dev/rfkill Watch.
[[0;32m  OK  [0m] Started LSB: AppArmor initialization.
[   32.208471] cloud-init[426]: Cloud-init v. 17.1 running 'init-local' at Tue, 27 Feb 2018 17:52:27 +0000. Up 31.42 seconds.
[[0;32m  OK  [0m] Started Initial cloud-init job (pre-networking).
[[0;32m  OK  [0m] Reached target Network (Pre).
         Starting Raise network interfaces...
[[0;32m  OK  [0m] Started Raise network interfaces.
         Starting Initial cloud-init job (metadata service crawler)...
[[0;32m  OK  [0m] Reached target Network.
[   35.670605] cloud-init[940]: Cloud-init v. 17.1 running 'init' at Tue, 27 Feb 2018 17:52:29 +0000. Up 33.49 seconds.
[   35.687359] cloud-init[940]: ci-info: +++++++++++++++++++++++++++++++++++++Net device info++++++++++++++++++++++++++++++++++++++
[   35.714280] cloud-init[940]: ci-info: +--------+-------+---------------------------+---------------+-------+-------------------+
[   35.741799] cloud-init[940]: ci-info: | Device |   Up  |          Address          |      Mask     | Scope |     Hw-Address    |
[   35.742361] cloud-init[940]: ci-info: +--------+-------+---------------------------+---------------+-------+-------------------+
[[0;32m  OK  [0m] Started Initial cloud-init job (metadata service crawler).
[   35.742573] cloud-init[940]: ci-info: | enp0s3 |  True |         10.0.2.15         | 255.255.255.0 |   .   | 02:38:07:4c:82:85 |
[   35.947897] cloud-init[940]: ci-info: | enp0s3 |  True | fe80::38:7ff:fe4c:8285/64 |       .       |  link | 02:38:07:4c:82:85 |
[   35.948412] cloud-init[940]: ci-info: | enp0s8 | False |             .             |       .       |   .   | 08:00:27:b6:92:53 |
[[0;32m  OK  [0m] Reached target System Initialization.
[   35.948671] cloud-init[940]: ci-info: |   lo   |  True |         127.0.0.1         |   255.0.0.0   |   .   |         .         |
[   35.955918] cloud-init[940]: ci-info: |   lo   |  True |          ::1/128          |       .       |  host |         .         |
[[0;32m  OK  [0m] Started Daily Cleanup of Temporary Directories.
[   35.956215] cloud-init[940]: ci-info: +--------+-------+---------------------------+---------------+-------+-------------------+
[   35.987340] cloud-init[940]: ci-info: +++++++++++++++++++++++++++Route IPv4 info++++++++++++++++++++++++++++
[   35.987877] cloud-init[940]: ci-info: +-------+-------------+----------+---------------+-----------+-------+
[   35.988450] cloud-init[940]: ci-info: | Route | Destination | Gateway  |    Genmask    | Interface | Flags |
[   35.988875] cloud-init[940]: ci-info: +-------+-------------+----------+---------------+-----------+-------+
[   35.989144] cloud-init[940]: ci-info: |   0   |   0.0.0.0   | 10.0.2.2 |    0.0.0.0    |   enp0s3  |   UG  |
[   35.989701] cloud-init[940]: ci-info: |   1   |   10.0.2.0  | 0.0.0.0  | 255.255.255.0 |   enp0s3  |   U   |
[   35.989976] cloud-init[940]: ci-info: +-------+-------------+----------+---------------+-----------+-------+
[   35.990252] cloud-init[940]: Generating public/private rsa key pair.
[   35.990528] cloud-init[940]: Your identification has been saved in /etc/ssh/ssh_host_rsa_key.
[   35.990793] cloud-init[940]: Your public key has been saved in /etc/ssh/ssh_host_rsa_key.pub.
[   35.991066] cloud-init[940]: The key fingerprint is:
[   35.991334] cloud-init[940]: SHA256:WzrGdawnSSQy48azq3pH04NvESzu/exp7cbER2RbqAU root@ubuntu-xenial
[   35.991606] cloud-init[940]: The key's randomart image is:
[   35.991943] cloud-init[940]: +---[RSA 2048]----+
[[0;32m  OK  [0m] Started ACPI Events Check.
[   35.992176] cloud-init[940]: |            E. . |
[   36.024470] cloud-init[940]: |              = .|
[[0;32m  OK  [0m] Reached target Paths.
[   36.024670] cloud-init[940]: |      +.. .  = o |
[   36.031088] cloud-init[940]: |     o.+oo .. o  |
[   36.033819] cloud-init[940]: |     .=+S.+.o.   |
[   36.036430] cloud-init[940]: |     .=++* +o .  |
[   36.039050] cloud-init[940]: |     o.+*o++..   |
[   36.041739] cloud-init[940]: |    . oo+o.++    |
[   36.045168] cloud-init[940]: |  .o.o.. +=o.    |
[   36.045773] cloud-init[940]: +----[SHA256]-----+
         Starting LXD - unix socket.
[   36.046036] cloud-init[940]: Generating public/private dsa key pair.
[   36.050071] cloud-init[940]: Your identification has been saved in /etc/ssh/ssh_host_dsa_key.
[   36.050365] cloud-init[940]: Your public key has been saved in /etc/ssh/ssh_host_dsa_key.pub.
[   36.050644] cloud-init[940]: The key fingerprint is:
[   36.050931] cloud-init[940]: SHA256:3CIICZr7a6R07GPqxVTF/TI3UTTEz2tVQ2UNsVk1Ogk root@ubuntu-xenial
[   36.051198] cloud-init[940]: The key's randomart image is:
[   36.051474] cloud-init[940]: +---[DSA 1024]----+
[   36.051754] cloud-init[940]: |.     ...  E==+=O|
[[0;32m  OK  [0m] Listening on D-Bus System Message Bus Socket.
[   36.051993] cloud-init[940]: |.o .  .. . ...+*+|
[   36.067879] cloud-init[940]: |o o  .    . .+= o|
[   36.069526] cloud-init[940]: | . ... . + +  .o.|
[   36.069982] cloud-init[940]: |. ... . S = .   o|
[[0;32m  OK  [0m] Started Timer to automatically refresh installed snaps.
[   36.070246] cloud-init[940]: | o+o   . .     o |
[   36.076167] cloud-init[940]: |.o+o          .  |
[[0;32m  OK  [0m] Listening on ACPID Listen Socket.
[   36.076314] cloud-init[940]: |. o=             |
[   36.080635] cloud-init[940]: |.++ .            |
[[0;32m  OK  [0m] Listening on UUID daemon activation socket.
[   36.080849] cloud-init[940]: +----[SHA256]-----+
[   36.086819] cloud-init[940]: Generating public/private ecdsa key pair.
[   36.087286] cloud-init[940]: Your identification has been saved in /etc/ssh/ssh_host_ecdsa_key.
         Starting Socket activation for snappy daemon.
[   36.087550] cloud-init[940]: Your public key has been saved in /etc/ssh/ssh_host_ecdsa_key.pub.
[   36.094233] cloud-init[940]: The key fingerprint is:
[   36.094663] cloud-init[940]: SHA256:/uyjGUgjahton8Ilv1KM2z8xbqu5Ltzm6mtiKpJyOdY root@ubuntu-xenial
[   36.094924] cloud-init[940]: The key's randomart image is:
[   36.095200] cloud-init[940]: +---[ECDSA 256]---+
[   36.095478] cloud-init[940]: |                 |
[   36.095766] cloud-init[940]: |                 |
[   36.096145] cloud-init[940]: |                 |
[   36.096319] cloud-init[940]: |                 |
[   36.096594] cloud-init[940]: |  o . o S        |
[   36.096873] cloud-init[940]: | + = = +         |
[   36.097147] cloud-init[940]: |+o%o. + o        |
[[0;32m  OK  [0m] Reached target Network is Online.
[   36.097401] cloud-init[940]: |B@*BE+   =.      |
[   36.115312] cloud-init[940]: |@*@@*oo oo+.     |
[   36.115907] cloud-init[940]: +----[SHA256]-----+
[[0;32m  OK  [0m] Started Daily apt download activities.
[   36.116305] cloud-init[940]: Generating public/private ed25519 key pair.
[   36.141521] cloud-init[940]: Your identification has been saved in /etc/ssh/ssh_host_ed25519_key.
[   36.142019] cloud-init[940]: Your public key has been saved in /etc/ssh/ssh_host_ed25519_key.pub.
[[0;32m  OK  [0m] Started Daily apt upgrade and clean activities.
[   36.142288] cloud-init[940]: The key fingerprint is:
[   36.148708] cloud-init[940]: SHA256:uBsE1cfmtQqKCMA13WDQB0jOfAZkuI2No+/slwFOuDg root@ubuntu-xenial
[[0;32m  OK  [0m] Reached target Timers.
[   36.148928] cloud-init[940]: The key's randomart image is:
[   36.155359] cloud-init[940]: +--[ED25519 256]--+
[   36.156843] cloud-init[940]: |. =O=+=. .       |
[   36.159856] cloud-init[940]: |.o=.++ o. + .    |
[   36.161503] cloud-init[940]: |..*+.o.  + . .   |
[   36.164124] cloud-init[940]: |o=ooo. .. . .    |
[   36.165759] cloud-init[940]: |o=.o .o.S. .     |
[   36.168366] cloud-init[940]: |E o o...  .      |
[   36.171013] cloud-init[940]: | o   oo          |
[   36.173653] cloud-init[940]: | .. o  o         |
[   36.176893] cloud-init[940]: | o+.  .          |
[   36.177606] cloud-init[940]: +----[SHA256]-----+
         Starting iSCSI initiator daemon (iscsid)...
[[0;32m  OK  [0m] Reached target Cloud-config availability.
[[0;32m  OK  [0m] Listening on LXD - unix socket.
[[0;32m  OK  [0m] Listening on Socket activation for snappy daemon.
[[0;32m  OK  [0m] Reached target Sockets.
[[0;32m  OK  [0m] Reached target Basic System.
[[0;32m  OK  [0m] Started D-Bus System Message Bus.
[[0;32m  OK  [0m] Started Unattended Upgrades Shutdown.
         Starting Accounts Service...
         Starting System Logging Service...
         Starting Pollinate to seed the pseudo random number generator...
[[0;32m  OK  [0m] Started FUSE filesystem for LXC.
[[0;32m  OK  [0m] Started ACPI event daemon.
[[0;32m  OK  [0m] Started Regular background program processing daemon.
         Starting LSB: MD monitoring daemon...
         Starting LSB: Record successful boot for GRUB...
         Starting Apply the settings specified in cloud-config...
[[0;32m  OK  [0m] Started Deferred execution scheduler.
         Starting Login Service...
         Starting /etc/rc.local Compatibility...
         Starting Snappy daemon...
         Starting LXD - container startup/shutdown...
[[0;32m  OK  [0m] Started iSCSI initiator daemon (iscsid).
[[0;32m  OK  [0m] Started /etc/rc.local Compatibility.
[[0;32m  OK  [0m] Started System Logging Service.
         Starting Login to default iSCSI targets...
[[0;32m  OK  [0m] Started Login Service.
[[0;32m  OK  [0m] Started LSB: Record successful boot for GRUB.
[[0;32m  OK  [0m] Started LSB: MD monitoring daemon.
[[0;32m  OK  [0m] Started Login to default iSCSI targets.
[[0;32m  OK  [0m] Reached target Remote File Systems (Pre).
[[0;32m  OK  [0m] Reached target Remote File Systems.
         Starting LSB: Set the CPU Frequency Scaling governor to "ondemand"...
         Starting LSB: automatic crash report generation...
         Starting LSB: daemon to balance interrupts for SMP systems...
         Starting Permit User Sessions...
         Starting LSB: VirtualBox Linux Additions...
[[0;32m  OK  [0m] Started LSB: Set the CPU Frequency Scaling governor to "ondemand".
[[0;32m  OK  [0m] Started Permit User Sessions.
         Starting Hold until boot process finishes up...
         Starting Terminate Plymouth Boot Screen...
[[0;32m  OK  [0m] Started Hold until boot process finishes up.
[[0;32m  OK  [0m] Started Terminate Plymouth Boot Screen.
         Starting Set console scheme...
[[0;32m  OK  [0m] Started Serial Getty on ttyS0.
[[0;32m  OK  [0m] Started Getty on tty1.
[[0;32m  OK  [0m] Reached target Login Prompts.
[[0;32m  OK  [0m] Started LSB: daemon to balance interrupts for SMP systems.
[[0;32m  OK  [0m] Started LSB: automatic crash report generation.
[[0;32m  OK  [0m] Started Set console scheme.
         Starting Authenticate and Authorize Users to Run Privileged Tasks...
[   38.962240] cloud-init[1064]: Generating locales (this might take a while)...
[[0;32m  OK  [0m] Started Authenticate and Authorize Users to Run Privileged Tasks.
[[0;32m  OK  [0m] Started Accounts Service.
[[0;32m  OK  [0m] Started LSB: VirtualBox Linux Additions.
[[0;32m  OK  [0m] Started Pollinate to seed the pseudo random number generator.
         Starting OpenBSD Secure Shell server...
[   42.328903] cloud-init[1064]:   en_US.UTF-8... done
[   42.343919] cloud-init[1064]: Generation complete.
[[0;32m  OK  [0m] Started OpenBSD Secure Shell server.
[[0;32m  OK  [0m] Started Snappy daemon.
[[0;32m  OK  [0m] Started LXD - container startup/shutdown.
[[0;32m  OK  [0m] Reached target Multi-User System.
[[0;32m  OK  [0m] Reached target Graphical Interface.
         Starting Update UTMP about System Runlevel Changes...
[[0;32m  OK  [0m] Started Update UTMP about System Runlevel Changes.
[[0;32m  OK  [0m] Created slice User Slice of vagrant.
         Starting User Manager for UID 1000...

Ubuntu 16.04.3 LTS ubuntu-xenial ttyS0

ubuntu-xenial login: [   45.905448] cloud-init[1064]: Cloud-init v. 17.1 running 'modules:config' at Tue, 27 Feb 2018 17:52:32 +0000. Up 37.24 seconds.
ci-info: no authorized ssh keys fingerprints found for user ubuntu.
<14>Feb 27 17:52:42 ec2: 
<14>Feb 27 17:52:42 ec2: #############################################################
<14>Feb 27 17:52:42 ec2: -----BEGIN SSH HOST KEY FINGERPRINTS-----
<14>Feb 27 17:52:42 ec2: 1024 SHA256:3CIICZr7a6R07GPqxVTF/TI3UTTEz2tVQ2UNsVk1Ogk root@ubuntu-xenial (DSA)
<14>Feb 27 17:52:42 ec2: 256 SHA256:/uyjGUgjahton8Ilv1KM2z8xbqu5Ltzm6mtiKpJyOdY root@ubuntu-xenial (ECDSA)
<14>Feb 27 17:52:42 ec2: 256 SHA256:uBsE1cfmtQqKCMA13WDQB0jOfAZkuI2No+/slwFOuDg root@ubuntu-xenial (ED25519)
<14>Feb 27 17:52:42 ec2: 2048 SHA256:WzrGdawnSSQy48azq3pH04NvESzu/exp7cbER2RbqAU root@ubuntu-xenial (RSA)
<14>Feb 27 17:52:42 ec2: -----END SSH HOST KEY FINGERPRINTS-----
<14>Feb 27 17:52:42 ec2: #############################################################
-----BEGIN SSH HOST KEY KEYS-----
ecdsa-sha2-nistp256 AAAAE2VjZHNhLXNoYTItbmlzdHAyNTYAAAAIbmlzdHAyNTYAAABBBCm6SaF/Q37/uQlv1leCPj5U1YhKqTgfG42x/dJtKo6Ri5eXcwPv1PLoWFIUTyQxZpwJAQ8Zhu2M0FKES5oxdrc= root@ubuntu-xenial
ssh-ed25519 AAAAC3NzaC1lZDI1NTE5AAAAIG9pVqEY6IAOK4kAJCUOUTXuLHX9WPtKJ+iKq88ruKM0 root@ubuntu-xenial
ssh-rsa AAAAB3NzaC1yc2EAAAADAQABAAABAQDRvmNCCEtmITvuBLcCQx75tQSKPyx9IwXEVAgw309E/+um7KvzjwoRa/E8sZ06TKe//jzsbfwOF4W/2pO51qZLgp0XBkeZwj6k5VDr+0owbyYhjqbI8J3TNm4kgi/NbHQeZig0yNMtR0Rp2YW3nAcnMSv0qDG4d/jcopTVHLNViUBIzwH2q9/5WDBW7t4H/liUtEf5fuPJhuYtVxGe5T18tifxP2a7oX3+QkkNkZZb/yKHlXx7VEQcRxV8XOgO2wL9UurF9GuneK/oR7ozSWUJgPJaYlcR77dN99TYul0QSvTnDaDWv4zK723H2xJg6kZvESp77ZnpReBo/LD+hYeT root@ubuntu-xenial
-----END SSH HOST KEY KEYS-----
[   46.890139] cloud-init[1392]: Cloud-init v. 17.1 running 'modules:final' at Tue, 27 Feb 2018 17:52:42 +0000. Up 46.49 seconds.
[   46.890541] cloud-init[1392]: ci-info: no authorized ssh keys fingerprints found for user ubuntu.
[   46.890813] cloud-init[1392]: Cloud-init v. 17.1 finished at Tue, 27 Feb 2018 17:52:42 +0000. Datasource DataSourceNoCloud [seed=/dev/sdb][dsmode=net].  Up 46.87 seconds
